---
source: tests/render_snapshots.rs
expression: buf_to_string(&terminal)
---
                      
                      
                      
                      
                      
                      
                      
                      
                      
                      
                      
                      
                      
                      
                      
IIOOIIOOIIOOIIOOIIOO  
IIOOIIOOIIOOIIOOIIOO  
IIOOIIOOIIOOIIOOIIOO  
IIOOIIOOIIOOIIOOIIOO  
IIOOIIOOIIOOIIOOIIOO
