---
source: tests/render_snapshots.rs
expression: buf_to_string(&terminal)
---
╭ stats ───────────╮
│score  0          │
╭ game over ───────╮
│                  │
│     Game Over    │
│                  │
│    score  754    │
│     level  1     │
│     lines  0     │
│                  │
│     r restart    │
│      q quit      │
╰──────────────────╯
│                  │
╰──────────────────╯
