---
source: tests/render_snapshots.rs
expression: snapshot
---
┌Stats─────────────┐
│SCORE             │
│        0         │
│                  │
│LEVEL             │
│ ┌──────────────┐ │
└─│              │─┘
┌N│    PAUSED    │─┐
│N└──────────────┘ │
│ L L              │
│ S S              │
│ T T              │
│ O O              │
│ J J              │
└──────────────────┘
