---
source: tests/render_snapshots.rs
expression: buf_to_string(&terminal)
---
                      
                      
        TT            
      TTTTTT          
                      
                      
                      
                      
                      
                      
                      
                      
                      
                      
                      
        []            
      [][][]          
OOOOOOOOOOOOOOOOOOOO  
OOOOOOOOOOOOOOOOOOOO  
OOOOOOOOOOOOOOOOOOOO
