---
source: tests/render_snapshots.rs
expression: buf_to_string(&terminal)
---
╭ stats ───────────╮
│score  0          │
│                  │
╰──────────────────╯
╭╭────────────────╮╮
││                ││
╰│     PAUSED     │╯
╭│                │╮
││    p resume    ││
││     q quit     ││
│╰────────────────╯│
│  SSSS            │
│SSSS              │
│                  │
╰──────────────────╯
