---
source: tests/render_snapshots.rs
expression: snapshot
---
┌Stats─────────────┐
│SCORE             │
│        0         │
│                  │
│LEVEL             │
│  1               │
└──────────────────┘
┌Next──────────────┐
│NEXT              │
│ L L              │
│ S S              │
│ T T              │
│ O O              │
│ J J              │
└──────────────────┘
