---
source: tests/render_snapshots.rs
expression: snapshot
---
                      
                      
                      
                      
                      
                      
                      
                      
                      
                      
                      
                      
                      
                      
                      
                      
                      
                      
      [][]            
        [][]
